[2026-08-17 07:30:29] INFO: Processing request

[2026-08-17 08:01:42] INFO: Service started

[2026-08-17 08:32:25] INFO: Configuration loaded

[2026-08-17 09:03:28] WARNING: Cache miss

[2026-08-17 09:34:53] INFO: Cache refreshed

[2026-08-17 10:05:01] INFO: Worker heartbeat

[2026-08-17 10:36:44] INFO: Connecting to database

[2026-08-17 08:12:31] Crash: Configuration loading failed
Traceback (most recent call last):
  File "src/application.py", line 6, in main
    load_configuration()
  File "src/application.py", line 10, in load_configuration
    configuration = parse_config()
  File "src/application.py", line 10, in load_configuration
    configuration = parse_config()
ValueError: invalid configuration

[2026-08-17 11:07:27] INFO: Cache refreshed

[2026-08-17 11:38:13] INFO: Service started

[2026-08-17 12:09:37] INFO: Processing request

[2026-08-17 12:40:29] WARNING: Slow database query

[2026-08-17 13:11:28] INFO: Cache refreshed

[2026-08-17 13:42:11] INFO: Health check passed

[2026-08-17 14:13:17] INFO: Request completed

[2026-08-17 14:44:15] INFO: Cleanup completed

[2026-08-17 15:15:32] INFO: Configuration loaded

[2026-08-17 15:46:24] INFO: Health check passed

[2026-08-17 16:17:05] WARNING: Cache miss

[2026-08-17 16:48:29] INFO: Database connection established

[2026-08-17 17:19:14] INFO: Cleanup completed

[2026-08-17 17:50:20] WARNING: Slow database query

[2026-08-17 18:21:32] INFO: Processing request

[2026-08-17 18:52:52] WARNING: Cache miss

[2026-08-17 19:23:30] WARNING: Slow database query

[2026-08-17 19:54:42] WARNING: Slow database query

[2026-08-17 20:25:58] INFO: Request completed

[2026-08-17 20:56:25] INFO: Request completed

[2026-08-17 21:27:40] INFO: Background task completed

[2026-08-17 21:58:16] INFO: Cache refreshed

[2026-08-17 22:29:50] WARNING: Slow database query

[2026-08-17 23:00:13] INFO: Request completed

[2026-08-20 14:17:42] Crash: Application state could not be restored
Traceback (most recent call last):
  File "src/application.py", line 6, in main
    start()
  File "src/application.py", line 12, in start
    restore_state()
  File "src/application.py", line 12, in start
    restore_state()
RuntimeError: state file is corrupt

[2026-08-17 23:31:35] WARNING: Slow database query

[2026-08-18 00:02:10] INFO: Cleanup completed

[2026-08-18 00:33:08] INFO: Worker heartbeat

[2026-08-18 01:04:00] WARNING: Temporary connection failure

[2026-08-18 01:35:50] INFO: Connecting to database

[2026-08-18 02:06:01] INFO: Loading application state

[2026-08-18 02:37:05] INFO: Worker heartbeat

[2026-08-18 03:08:57] INFO: Configuration loaded

[2026-08-18 03:39:51] INFO: Loading application state

[2026-08-18 04:10:46] INFO: Cache refreshed

[2026-08-18 04:41:23] INFO: Loading application state

[2026-08-18 05:12:40] INFO: Configuration loaded

[2026-08-18 05:43:40] WARNING: Slow database query

[2026-08-18 06:14:16] INFO: Configuration loaded

[2026-08-18 06:45:34] WARNING: Temporary connection failure

[2026-08-18 07:16:18] INFO: Configuration loaded

[2026-08-18 07:47:08] INFO: Loading application state

[2026-08-18 08:18:13] WARNING: Slow database query

[2026-08-18 08:49:53] INFO: Cache refreshed

[2026-08-18 09:20:28] INFO: Cache refreshed

[2026-08-18 09:51:09] INFO: Cleanup completed

[2026-08-18 10:22:32] WARNING: Temporary connection failure

[2026-08-18 10:53:50] INFO: Request completed

[2026-08-18 11:24:14] WARNING: Cache miss

[2026-08-18 11:55:33] INFO: Service started

[2026-08-18 12:26:14] INFO: Worker heartbeat

[2026-08-18 12:57:37] INFO: Worker heartbeat

[2026-08-18 13:28:50] INFO: Background task completed

[2026-08-18 13:59:41] INFO: Database connection established
