[2026-08-10 08:00:24] INFO: Cleanup completed

[2026-08-10 08:47:09] INFO: Cleanup completed

[2026-08-10 09:34:44] INFO: Worker heartbeat

[2026-08-10 10:21:14] INFO: Database connection established

[2026-08-10 11:08:12] INFO: Request completed

[2026-08-10 11:55:14] INFO: Connecting to database

[2026-08-10 12:42:09] INFO: Health check passed

[2026-08-10 13:29:00] INFO: Service started

[2026-08-10 14:16:19] INFO: Service started

[2026-08-10 15:03:30] INFO: Cleanup completed

[2026-08-10 15:50:06] INFO: Service started

[2026-08-10 16:37:04] WARNING: Slow database query

[2026-08-10 17:24:54] INFO: Configuration loaded

[2026-08-10 18:11:13] INFO: Health check passed

[2026-08-10 18:58:24] INFO: Request completed

[2026-08-10 19:45:01] INFO: Service started

[2026-08-10 20:32:54] WARNING: Temporary connection failure

[2026-08-10 21:19:55] WARNING: Temporary connection failure

[2026-08-10 22:06:58] INFO: Health check passed

[2026-08-10 22:53:05] WARNING: Temporary connection failure

[2026-08-10 23:40:10] INFO: Configuration loaded

[2026-08-11 00:27:21] WARNING: Cache miss

[2026-08-11 01:14:53] WARNING: Cache miss

[2026-08-11 02:01:40] INFO: Connecting to database

[2026-08-11 02:48:42] INFO: Service started

[2026-08-11 03:35:31] INFO: Request completed

[2026-08-11 04:22:24] INFO: Background task completed

[2026-08-11 05:09:55] INFO: Processing request

[2026-08-11 05:56:42] WARNING: Cache miss

[2026-08-11 06:43:25] WARNING: Temporary connection failure

[2026-08-11 07:30:58] INFO: Service started

[2026-08-11 08:17:14] INFO: Cache refreshed

[2026-08-11 09:04:49] INFO: Connecting to database

[2026-08-11 09:51:41] INFO: Cache refreshed

[2026-08-11 10:38:28] INFO: Service started

[2026-08-11 11:25:04] INFO: Configuration loaded

[2026-08-11 12:12:00] INFO: Cleanup completed

[2026-08-11 12:59:09] WARNING: Temporary connection failure

[2026-08-11 13:46:46] WARNING: Slow database query

[2026-08-11 14:33:07] INFO: Connecting to database

[2026-08-11 15:20:36] INFO: Cache refreshed

[2026-08-11 16:07:41] INFO: Service started

[2026-08-11 16:54:15] INFO: Background task completed

[2026-08-11 17:41:10] INFO: Processing request

[2026-08-11 18:28:57] INFO: Request completed
