[2026-08-17 06:00:51] INFO: Background task completed

[2026-08-17 06:23:53] INFO: Service started

[2026-08-17 06:46:46] INFO: Connecting to database

[2026-08-17 07:09:35] INFO: Cache refreshed

[2026-08-17 07:32:07] INFO: Service started

[2026-08-17 07:55:00] INFO: Service started

[2026-08-17 08:18:53] INFO: Database connection established

[2026-08-17 08:41:00] INFO: Connecting to database

[2026-08-17 09:04:21] WARNING: Slow database query

[2026-08-17 09:27:44] INFO: Loading application state

[2026-08-17 09:50:29] INFO: Configuration loaded

[2026-08-17 10:13:21] WARNING: Slow database query

[2026-08-17 10:36:44] INFO: Loading application state

[2026-08-17 10:59:57] INFO: Cache refreshed

[2026-08-17 11:22:41] INFO: Worker heartbeat

[2026-08-17 11:45:05] INFO: Background task completed

[2026-08-17 12:08:44] INFO: Loading application state

[2026-08-17 12:31:49] INFO: Service started

[2026-08-17 12:54:32] INFO: Health check passed

[2026-08-17 13:17:23] INFO: Cache refreshed

[2026-08-17 13:40:48] INFO: Configuration loaded

[2026-08-17 14:03:32] INFO: Service started

[2026-08-17 14:26:49] WARNING: Cache miss

[2026-08-17 14:49:47] INFO: Processing request

[2026-08-17 15:12:03] WARNING: Cache miss

[2026-08-17 15:35:27] INFO: Service started

[2026-08-17 15:58:32] INFO: Database connection established

[2026-08-17 16:21:20] INFO: Cache refreshed

[2026-08-17 16:44:28] INFO: Health check passed

[2026-08-17 17:07:32] INFO: Service started

[2026-08-17 17:30:58] WARNING: Cache miss

[2026-08-17 17:53:42] WARNING: Cache miss

[2026-08-17 18:16:47] INFO: Processing request

[2026-08-17 18:39:27] INFO: Configuration loaded

[2026-08-17 19:02:18] INFO: Request completed
