[2026-08-10 06:00:07] WARNING: Cache miss

[2026-08-10 06:17:24] WARNING: Temporary connection failure

[2026-08-10 06:34:57] INFO: Connecting to database

[2026-08-10 06:51:54] WARNING: Cache miss

[2026-08-10 07:08:12] WARNING: Cache miss

[2026-08-10 07:25:55] INFO: Worker heartbeat

[2026-08-10 07:42:14] WARNING: Slow database query

[2026-08-10 07:59:56] INFO: Database connection established

[2026-08-10 08:16:23] INFO: Worker heartbeat

[2026-08-10 08:33:43] INFO: Configuration loaded

[2026-08-10 08:50:47] WARNING: Slow database query

[2026-08-10 09:07:04] WARNING: Cache miss

[2026-08-10 09:24:01] INFO: Request completed

[2026-08-10 09:41:55] INFO: Cleanup completed

[2026-08-10 09:58:58] WARNING: Temporary connection failure

[2026-08-10 10:15:15] INFO: Request completed

[2026-08-10 10:32:50] INFO: Database connection established

[2026-08-10 10:49:14] INFO: Request completed

[2026-08-10 11:06:23] INFO: Cache refreshed

[2026-08-10 11:23:57] WARNING: Temporary connection failure

[2026-08-10 11:40:58] INFO: Worker heartbeat

[2026-08-10 11:57:04] INFO: Background task completed

[2026-08-10 12:14:35] INFO: Cleanup completed

[2026-08-10 12:31:57] INFO: Cleanup completed

[2026-08-10 12:48:52] INFO: Cleanup completed

[2026-08-10 13:05:08] INFO: Cache refreshed

[2026-08-10 13:22:40] INFO: Loading application state

[2026-08-10 13:39:07] WARNING: Cache miss

[2026-08-10 13:56:32] INFO: Database connection established

[2026-08-10 14:13:19] WARNING: Cache miss

[2026-08-10 14:30:39] INFO: Configuration loaded

[2026-08-10 14:47:35] INFO: Database connection established

[2026-08-10 15:04:19] INFO: Health check passed

[2026-08-10 15:21:18] INFO: Database connection established

[2026-08-10 15:38:40] INFO: Cleanup completed

[2026-08-10 15:55:34] WARNING: Temporary connection failure

[2026-08-10 16:12:35] INFO: Processing request

[2026-08-10 16:29:14] INFO: Request completed

[2026-08-10 16:46:25] WARNING: Cache miss

[2026-08-10 17:03:57] WARNING: Temporary connection failure

[2026-08-10 17:20:51] INFO: Connecting to database

[2026-08-10 17:37:27] INFO: Database connection established

[2026-08-10 17:54:09] INFO: Connecting to database

[2026-08-10 18:11:23] INFO: Service started

[2026-08-10 18:28:55] INFO: Request completed

[2026-08-10 18:45:14] INFO: Cache refreshed

[2026-08-10 19:02:32] INFO: Cache refreshed

[2026-08-10 19:19:21] INFO: Database connection established

[2026-08-10 19:36:44] INFO: Worker heartbeat

[2026-08-10 19:53:05] INFO: Worker heartbeat

[2026-08-10 20:10:35] INFO: Request completed

[2026-08-10 20:27:50] INFO: Worker heartbeat

[2026-08-10 20:44:28] INFO: Worker heartbeat

[2026-08-10 21:01:01] INFO: Service started

[2026-08-10 21:18:46] INFO: Processing request

[2026-08-10 21:35:16] INFO: Database connection established

[2026-08-10 21:52:18] INFO: Connecting to database

[2026-08-10 22:09:19] WARNING: Temporary connection failure

[2026-08-10 22:26:22] INFO: Database connection established

[2026-08-10 22:43:40] WARNING: Slow database query

[2026-08-10 23:00:17] INFO: Request completed

[2026-08-10 23:17:57] INFO: Processing request

[2026-08-10 23:34:48] INFO: Cleanup completed

[2026-08-10 23:51:09] WARNING: Cache miss

[2026-08-11 00:08:43] INFO: Processing request

[2026-08-11 00:25:58] INFO: Connecting to database

[2026-08-11 00:42:39] INFO: Request completed

[2026-08-11 00:59:37] INFO: Cache refreshed

[2026-08-11 01:16:58] INFO: Background task completed

[2026-08-11 01:33:19] INFO: Background task completed

[2026-08-11 01:50:51] INFO: Processing request

[2026-08-11 02:07:56] INFO: Database connection established

[2026-08-11 02:24:10] INFO: Worker heartbeat

[2026-08-11 02:41:45] INFO: Configuration loaded

[2026-08-11 02:58:56] INFO: Request completed

[2026-08-11 03:15:31] INFO: Configuration loaded

[2026-08-11 03:32:31] INFO: Configuration loaded

[2026-08-11 03:49:51] INFO: Service started

[2026-08-11 04:06:57] INFO: Connecting to database

[2026-08-11 04:23:51] WARNING: Temporary connection failure

[2026-08-11 04:40:47] WARNING: Slow database query

[2026-08-11 04:57:20] INFO: Loading application state

[2026-08-11 05:14:07] INFO: Processing request

[2026-08-11 05:31:16] WARNING: Cache miss

[2026-08-11 05:48:28] INFO: Database connection established

[2026-08-11 06:05:36] INFO: Connecting to database

[2026-08-11 06:22:52] INFO: Database connection established

[2026-08-11 06:39:41] INFO: Cleanup completed

[2026-08-11 06:56:09] INFO: Service started

[2026-08-11 07:13:20] INFO: Request completed

[2026-08-11 07:30:21] WARNING: Temporary connection failure

[2026-08-11 07:47:41] INFO: Processing request

[2026-08-11 08:04:37] INFO: Service started

[2026-08-11 08:21:14] WARNING: Cache miss

[2026-08-11 08:38:57] INFO: Cleanup completed

[2026-08-11 08:55:08] INFO: Configuration loaded

[2026-08-11 09:12:02] WARNING: Cache miss

[2026-08-11 09:29:47] INFO: Loading application state

[2026-08-11 09:46:12] INFO: Connecting to database

[2026-08-11 10:03:34] INFO: Worker heartbeat
