[2026-08-03 06:00:56] WARNING: Cache miss

[2026-08-03 06:23:42] INFO: Processing request

[2026-08-03 06:46:25] WARNING: Slow database query

[2026-08-03 07:09:51] WARNING: Temporary connection failure

[2026-08-03 07:32:36] WARNING: Temporary connection failure

[2026-08-03 07:55:24] WARNING: Cache miss

[2026-08-03 08:18:50] WARNING: Cache miss

[2026-08-03 08:41:44] WARNING: Temporary connection failure

[2026-08-03 09:04:08] INFO: Health check passed

[2026-08-03 09:27:10] WARNING: Slow database query

[2026-08-03 09:50:43] INFO: Health check passed

[2026-08-03 10:13:46] INFO: Configuration loaded

[2026-08-03 10:36:01] WARNING: Temporary connection failure

[2026-08-03 10:59:29] INFO: Worker heartbeat

[2026-08-03 11:22:23] INFO: Background task completed

[2026-08-03 11:45:38] WARNING: Temporary connection failure

[2026-08-03 12:08:26] INFO: Connecting to database

[2026-08-03 12:31:41] INFO: Database connection established

[2026-08-03 12:54:08] INFO: Background task completed

[2026-08-03 13:17:28] INFO: Processing request

[2026-08-03 13:40:45] WARNING: Cache miss

[2026-08-03 14:03:11] INFO: Loading application state

[2026-08-03 14:26:24] INFO: Worker heartbeat

[2026-08-03 14:49:57] INFO: Request completed

[2026-08-03 15:12:08] INFO: Request completed

[2026-08-03 15:35:13] INFO: Cleanup completed

[2026-08-03 15:58:20] WARNING: Slow database query

[2026-08-03 16:21:22] WARNING: Temporary connection failure

[2026-08-03 16:44:40] INFO: Configuration loaded

[2026-08-03 17:07:36] WARNING: Temporary connection failure

[2026-08-03 17:30:51] INFO: Health check passed

[2026-08-03 17:53:54] INFO: Database connection established

[2026-08-03 18:16:08] INFO: Request completed

[2026-08-03 18:39:35] WARNING: Cache miss

[2026-08-03 19:02:19] WARNING: Cache miss

[2026-08-03 19:25:06] WARNING: Cache miss

[2026-08-03 19:48:28] INFO: Health check passed

[2026-08-03 20:11:15] INFO: Configuration loaded

[2026-08-03 20:34:37] INFO: Cache refreshed

[2026-08-03 20:57:28] INFO: Processing request

[2026-08-03 21:20:06] WARNING: Temporary connection failure

[2026-08-03 21:43:56] INFO: Cache refreshed

[2026-08-03 22:06:34] INFO: Cleanup completed

[2026-08-03 22:29:15] INFO: Connecting to database

[2026-08-03 22:52:36] INFO: Request completed

[2026-08-03 23:15:14] INFO: Loading application state

[2026-08-03 23:38:11] INFO: Cleanup completed

[2026-08-04 00:01:40] WARNING: Cache miss

[2026-08-04 00:24:36] INFO: Worker heartbeat

[2026-08-04 00:47:06] INFO: Loading application state

[2026-08-04 01:10:16] INFO: Background task completed

[2026-08-04 01:33:55] INFO: Health check passed

[2026-08-04 01:56:03] INFO: Request completed

[2026-08-04 02:19:30] INFO: Worker heartbeat

[2026-08-04 02:42:20] WARNING: Slow database query

[2026-08-04 03:05:15] INFO: Request completed

[2026-08-04 03:28:27] WARNING: Temporary connection failure

[2026-08-04 03:51:24] INFO: Cleanup completed

[2026-08-04 04:14:50] INFO: Worker heartbeat

[2026-08-04 04:37:45] INFO: Worker heartbeat

[2026-08-04 05:00:12] INFO: Request completed

[2026-08-04 05:23:22] INFO: Processing request

[2026-08-04 05:46:10] INFO: Cleanup completed

[2026-08-04 06:09:23] WARNING: Temporary connection failure

[2026-08-04 06:32:04] WARNING: Temporary connection failure

[2026-08-04 06:55:56] INFO: Cleanup completed

[2026-08-04 07:18:06] INFO: Request completed

[2026-08-04 07:41:14] INFO: Database connection established

[2026-08-04 08:04:00] INFO: Request completed

[2026-08-04 08:27:37] WARNING: Slow database query

[2026-08-04 08:50:43] INFO: Worker heartbeat

[2026-08-04 09:13:30] WARNING: Slow database query

[2026-08-04 09:36:29] INFO: Configuration loaded

[2026-08-04 09:59:19] INFO: Health check passed

[2026-08-04 10:22:34] INFO: Service started

[2026-08-04 10:45:57] INFO: Health check passed

[2026-08-04 11:08:47] WARNING: Temporary connection failure

[2026-08-04 11:31:51] INFO: Request completed

[2026-08-04 11:54:51] WARNING: Temporary connection failure

[2026-08-04 12:17:57] INFO: Database connection established

[2026-08-04 12:40:57] WARNING: Temporary connection failure

[2026-08-04 13:03:01] INFO: Worker heartbeat

[2026-08-04 13:26:39] INFO: Request completed

[2026-08-04 13:49:14] WARNING: Slow database query

[2026-08-04 14:12:47] INFO: Cache refreshed

[2026-08-04 14:35:33] INFO: Connecting to database

[2026-08-04 14:58:45] INFO: Cache refreshed

[2026-08-04 15:21:11] WARNING: Temporary connection failure

[2026-08-04 15:44:36] INFO: Cache refreshed

[2026-08-04 16:07:53] INFO: Database connection established

[2026-08-04 16:30:33] INFO: Health check passed

[2026-08-04 16:53:47] INFO: Connecting to database

[2026-08-04 17:16:57] INFO: Cleanup completed

[2026-08-04 17:39:23] INFO: Health check passed

[2026-08-04 18:02:03] INFO: Loading application state

[2026-08-04 18:25:07] INFO: Configuration loaded

[2026-08-04 18:48:36] INFO: Database connection established

[2026-08-04 19:11:37] WARNING: Slow database query

[2026-08-04 19:34:56] INFO: Loading application state

[2026-08-04 19:57:12] INFO: Service started
