[2026-08-17 07:00:00] INFO: Worker heartbeat

[2026-08-17 07:37:33] INFO: Service started

[2026-08-17 08:14:49] INFO: Processing request

[2026-08-17 08:51:40] INFO: Worker heartbeat

[2026-08-17 09:28:42] INFO: Request completed

[2026-08-17 10:05:41] INFO: Configuration loaded

[2026-08-17 10:42:41] INFO: Service started

[2026-08-17 11:19:05] INFO: Health check passed

[2026-08-17 11:56:56] INFO: Service started

[2026-08-17 12:33:19] INFO: Processing request

[2026-08-17 13:10:44] INFO: Loading application state

[2026-08-17 13:47:26] INFO: Cleanup completed

[2026-08-17 14:24:44] INFO: Database connection established

[2026-08-17 15:01:48] INFO: Cleanup completed

[2026-08-17 15:38:09] INFO: Database connection established

[2026-08-17 16:15:55] WARNING: Cache miss

[2026-08-17 16:52:03] INFO: Connecting to database

[2026-08-17 17:29:20] INFO: Connecting to database

[2026-08-17 18:06:44] INFO: Request completed

[2026-08-17 18:43:38] INFO: Cleanup completed

[2026-08-18 10:43:19] Crash: Scheduled job failed
Traceback (most recent call last):
  File "src/scheduler.py", line 4, in main
    execute_job()
  File "src/scheduler.py", line 10, in execute_job
    job.execute()
  File "src/scheduler.py", line 10, in execute_job
    job.execute()
RuntimeError: scheduled job failed

[2026-08-17 19:20:29] WARNING: Slow database query

[2026-08-17 19:57:02] INFO: Database connection established

[2026-08-17 20:34:25] INFO: Connecting to database

[2026-08-17 21:11:33] INFO: Connecting to database

[2026-08-17 21:48:07] INFO: Configuration loaded

[2026-08-17 22:25:24] WARNING: Temporary connection failure

[2026-08-17 23:02:44] INFO: Loading application state

[2026-08-17 23:39:12] INFO: Background task completed

[2026-08-18 00:16:18] INFO: Configuration loaded

[2026-08-18 00:53:06] INFO: Loading application state

[2026-08-18 01:30:04] INFO: Loading application state

[2026-08-18 02:07:05] INFO: Connecting to database

[2026-08-18 02:44:21] INFO: Request completed

[2026-08-18 03:21:42] WARNING: Temporary connection failure

[2026-08-18 03:58:24] WARNING: Cache miss

[2026-08-18 04:35:27] INFO: Cleanup completed

[2026-08-18 05:12:34] INFO: Loading application state

[2026-08-18 05:49:30] INFO: Connecting to database

[2026-08-18 06:26:55] INFO: Request completed

[2026-08-18 07:03:25] WARNING: Temporary connection failure

[2026-08-18 07:40:05] WARNING: Temporary connection failure

[2026-08-18 08:17:19] WARNING: Slow database query

[2026-08-18 08:54:25] INFO: Service started

[2026-08-18 09:31:31] INFO: Health check passed

[2026-08-18 10:08:08] INFO: Connecting to database

[2026-08-18 10:45:24] INFO: Configuration loaded

[2026-08-18 11:22:37] INFO: Connecting to database

[2026-08-18 11:59:53] INFO: Cleanup completed

[2026-08-18 12:36:49] INFO: Request completed

[2026-08-21 09:16:08] Crash: Scheduled cleanup failed
Traceback (most recent call last):
  File "src/scheduler.py", line 4, in main
    execute_job()
  File "src/scheduler.py", line 10, in execute_job
    job.execute()
  File "src/scheduler.py", line 10, in execute_job
    job.execute()
RuntimeError: cleanup job failed

[2026-08-18 13:13:11] INFO: Loading application state

[2026-08-18 13:50:14] INFO: Processing request

[2026-08-18 14:27:48] WARNING: Cache miss

[2026-08-18 15:04:32] INFO: Cleanup completed

[2026-08-18 15:41:40] WARNING: Slow database query

[2026-08-18 16:18:09] INFO: Background task completed

[2026-08-18 16:55:38] WARNING: Slow database query

[2026-08-18 17:32:16] INFO: Worker heartbeat

[2026-08-18 18:09:47] INFO: Database connection established

[2026-08-18 18:46:25] INFO: Connecting to database

[2026-08-18 19:23:20] WARNING: Cache miss

[2026-08-18 20:00:00] INFO: Connecting to database

[2026-08-18 20:37:38] INFO: Service started

[2026-08-18 21:14:57] INFO: Connecting to database

[2026-08-18 21:51:08] INFO: Service started

[2026-08-18 22:28:54] INFO: Configuration loaded

[2026-08-18 23:05:37] INFO: Loading application state

[2026-08-18 23:42:01] INFO: Loading application state

[2026-08-19 00:19:56] WARNING: Cache miss

[2026-08-19 00:56:20] INFO: Service started

[2026-08-19 01:33:05] INFO: Cache refreshed
