[2026-08-10 05:00:01] INFO: Loading application state

[2026-08-10 05:29:19] INFO: Service started

[2026-08-10 05:58:45] INFO: Database connection established

[2026-08-10 06:27:08] WARNING: Temporary connection failure

[2026-08-10 06:56:33] INFO: Worker heartbeat

[2026-08-10 07:25:00] INFO: Cleanup completed

[2026-08-10 07:54:46] INFO: Service started

[2026-08-10 08:23:51] INFO: Connecting to database

[2026-08-10 08:52:24] INFO: Processing request

[2026-08-10 09:21:00] INFO: Service started

[2026-08-10 09:50:36] INFO: Service started

[2026-08-10 10:19:10] INFO: Cleanup completed

[2026-08-10 10:48:18] WARNING: Temporary connection failure

[2026-08-10 11:17:19] WARNING: Slow database query

[2026-08-10 11:46:58] WARNING: Cache miss

[2026-08-10 12:15:21] WARNING: Slow database query

[2026-08-10 12:44:23] INFO: Database connection established

[2026-08-10 13:13:47] INFO: Database connection established

[2026-08-10 13:42:20] INFO: Request completed

[2026-08-10 14:11:09] INFO: Configuration loaded

[2026-08-10 14:40:55] INFO: Cache refreshed

[2026-08-10 15:09:26] WARNING: Temporary connection failure

[2026-08-10 15:38:14] INFO: Database connection established

[2026-08-10 16:07:17] INFO: Health check passed

[2026-08-10 16:36:33] INFO: Configuration loaded

[2026-08-10 17:05:27] WARNING: Cache miss

[2026-08-10 17:34:31] WARNING: Slow database query

[2026-08-10 18:03:20] INFO: Request completed

[2026-08-10 18:32:08] INFO: Background task completed

[2026-08-10 19:01:42] INFO: Cache refreshed

[2026-08-10 19:30:49] WARNING: Temporary connection failure

[2026-08-10 19:59:15] INFO: Service started

[2026-08-10 20:28:47] INFO: Request completed

[2026-08-10 20:57:35] INFO: Background task completed

[2026-08-10 21:26:31] WARNING: Cache miss

[2026-08-10 21:55:37] INFO: Worker heartbeat

[2026-08-10 22:24:08] INFO: Request completed

[2026-08-10 22:53:41] INFO: Service started

[2026-08-10 23:22:59] INFO: Cleanup completed

[2026-08-10 23:51:45] INFO: Service started

[2026-08-11 00:20:04] INFO: Worker heartbeat

[2026-08-11 00:49:58] INFO: Loading application state

[2026-08-11 01:18:59] INFO: Database connection established

[2026-08-11 01:47:39] INFO: Worker heartbeat

[2026-08-11 02:16:42] WARNING: Temporary connection failure

[2026-08-11 02:45:25] INFO: Cache refreshed

[2026-08-11 03:14:44] WARNING: Slow database query

[2026-08-11 03:43:02] WARNING: Slow database query

[2026-08-11 04:12:39] WARNING: Temporary connection failure

[2026-08-11 04:41:03] INFO: Background task completed

[2026-08-11 05:10:09] INFO: Health check passed

[2026-08-11 05:39:52] INFO: Request completed

[2026-08-11 06:08:55] INFO: Loading application state

[2026-08-11 06:37:47] INFO: Connecting to database

[2026-08-11 07:06:19] INFO: Cache refreshed

[2026-08-11 07:35:02] WARNING: Temporary connection failure

[2026-08-11 08:04:34] INFO: Health check passed

[2026-08-11 08:33:06] INFO: Request completed

[2026-08-11 09:02:11] INFO: Health check passed

[2026-08-11 09:31:15] INFO: Cleanup completed

[2026-08-11 10:00:18] INFO: Processing request

[2026-08-11 10:29:36] INFO: Service started

[2026-08-11 10:58:36] WARNING: Cache miss

[2026-08-11 11:27:52] INFO: Background task completed

[2026-08-11 11:56:43] INFO: Health check passed

[2026-08-11 12:25:33] WARNING: Slow database query

[2026-08-11 12:54:53] INFO: Cache refreshed

[2026-08-11 13:23:46] INFO: Database connection established

[2026-08-11 13:52:35] INFO: Loading application state

[2026-08-11 14:21:44] INFO: Processing request

[2026-08-11 14:50:23] WARNING: Slow database query

[2026-08-11 15:19:53] INFO: Loading application state

[2026-08-11 15:48:31] INFO: Connecting to database

[2026-08-11 16:17:15] INFO: Worker heartbeat

[2026-08-11 16:46:13] INFO: Processing request

[2026-08-11 17:15:57] WARNING: Slow database query

[2026-08-11 17:44:10] INFO: Loading application state

[2026-08-11 18:13:32] INFO: Processing request

[2026-08-11 18:42:13] INFO: Worker heartbeat

[2026-08-11 19:11:48] INFO: Cleanup completed
