[2026-08-17 04:00:59] INFO: Worker heartbeat

[2026-08-17 04:53:41] INFO: Loading application state

[2026-08-17 05:46:06] INFO: Request completed

[2026-08-17 06:39:47] INFO: Connecting to database

[2026-08-17 07:32:42] WARNING: Slow database query

[2026-08-17 08:25:03] INFO: Service started

[2026-08-17 09:18:17] INFO: Database connection established

[2026-08-17 10:11:57] INFO: Health check passed

[2026-08-17 11:04:52] WARNING: Slow database query

[2026-08-17 11:57:01] INFO: Configuration loaded

[2026-08-17 12:50:19] INFO: Configuration loaded

[2026-08-17 13:43:57] INFO: Database connection established

[2026-08-17 14:36:09] INFO: Connecting to database

[2026-08-17 15:29:16] INFO: Loading application state

[2026-08-17 16:22:46] WARNING: Cache miss

[2026-08-17 17:15:17] INFO: Service started

[2026-08-17 18:08:43] INFO: Cache refreshed

[2026-08-17 19:01:05] INFO: Health check passed

[2026-08-17 19:54:40] INFO: Connecting to database

[2026-08-17 20:47:46] INFO: Service started

[2026-08-17 21:40:21] INFO: Worker heartbeat

[2026-08-17 22:33:37] WARNING: Temporary connection failure

[2026-08-17 23:26:46] INFO: Request completed

[2026-08-18 00:19:25] WARNING: Slow database query

[2026-08-18 01:12:35] INFO: Health check passed

[2026-08-18 02:05:52] INFO: Health check passed

[2026-08-18 02:58:16] INFO: Cleanup completed

[2026-08-18 03:51:55] INFO: Request completed

[2026-08-18 04:44:52] INFO: Background task completed

[2026-08-18 05:37:44] INFO: Connecting to database

[2026-08-18 06:30:55] INFO: Database connection established

[2026-08-18 07:23:30] INFO: Cache refreshed

[2026-08-18 08:16:56] INFO: Database connection established

[2026-08-18 09:09:33] INFO: Cache refreshed

[2026-08-18 10:02:17] INFO: Connecting to database

[2026-08-18 10:55:48] WARNING: Temporary connection failure

[2026-08-18 11:48:03] WARNING: Cache miss

[2026-08-18 12:41:22] INFO: Worker heartbeat

[2026-08-18 13:34:22] INFO: Loading application state

[2026-08-18 14:27:28] WARNING: Temporary connection failure

[2026-08-18 15:20:14] INFO: Database connection established

[2026-08-18 16:13:49] INFO: Connecting to database

[2026-08-18 17:06:06] INFO: Worker heartbeat

[2026-08-18 17:59:00] WARNING: Slow database query

[2026-08-18 18:52:35] WARNING: Cache miss

[2026-08-18 19:45:29] INFO: Background task completed

[2026-08-18 20:38:10] INFO: Worker heartbeat

[2026-08-18 21:31:59] WARNING: Slow database query

[2026-08-18 22:24:56] INFO: Cleanup completed

[2026-08-18 23:17:14] INFO: Health check passed
