[2026-08-17 05:00:32] INFO: Loading application state

[2026-08-17 06:01:33] INFO: Configuration loaded

[2026-08-17 07:02:32] INFO: Request completed

[2026-08-17 08:03:46] INFO: Background task completed

[2026-08-17 09:04:22] INFO: Background task completed

[2026-08-17 10:05:28] INFO: Request completed

[2026-08-17 11:06:02] INFO: Worker heartbeat

[2026-08-17 12:07:15] WARNING: Temporary connection failure

[2026-08-17 13:08:55] INFO: Processing request

[2026-08-17 14:09:41] WARNING: Cache miss

[2026-08-17 15:10:44] INFO: Loading application state

[2026-08-17 16:11:41] WARNING: Temporary connection failure

[2026-08-17 17:12:52] INFO: Processing request

[2026-08-17 18:13:17] WARNING: Slow database query

[2026-08-17 19:14:24] WARNING: Slow database query

[2026-08-17 20:15:04] INFO: Connecting to database

[2026-08-17 21:16:47] INFO: Loading application state

[2026-08-17 22:17:14] INFO: Health check passed

[2026-08-17 23:18:32] INFO: Background task completed

[2026-08-18 00:19:14] INFO: Request completed

[2026-08-18 01:20:49] INFO: Connecting to database

[2026-08-18 02:21:11] WARNING: Temporary connection failure

[2026-08-18 03:22:14] INFO: Connecting to database

[2026-08-18 04:23:11] INFO: Database connection established

[2026-08-18 05:24:07] INFO: Health check passed

[2026-08-18 06:25:16] INFO: Cache refreshed

[2026-08-18 07:26:56] INFO: Processing request

[2026-08-18 08:27:30] INFO: Connecting to database

[2026-08-18 09:28:54] INFO: Service started

[2026-08-18 10:29:35] INFO: Loading application state

[2026-08-18 11:30:19] INFO: Request completed

[2026-08-18 12:31:37] INFO: Worker heartbeat

[2026-08-18 13:32:46] INFO: Cache refreshed

[2026-08-18 14:33:11] INFO: Cache refreshed

[2026-08-18 15:34:44] INFO: Service started

[2026-08-18 16:35:32] INFO: Connecting to database

[2026-08-18 17:36:18] INFO: Loading application state

[2026-08-18 18:37:06] WARNING: Slow database query

[2026-08-18 19:38:14] INFO: Database connection established

[2026-08-18 20:39:23] INFO: Health check passed

[2026-08-18 21:40:19] INFO: Loading application state

[2026-08-18 22:41:49] INFO: Cache refreshed

[2026-08-18 23:42:05] INFO: Database connection established

[2026-08-19 00:43:38] WARNING: Slow database query

[2026-08-19 01:44:05] INFO: Connecting to database

[2026-08-19 02:45:11] WARNING: Cache miss

[2026-08-19 03:46:15] INFO: Background task completed

[2026-08-19 04:47:39] INFO: Cache refreshed

[2026-08-19 05:48:04] INFO: Health check passed

[2026-08-19 06:49:44] INFO: Background task completed

[2026-08-19 07:50:39] WARNING: Slow database query

[2026-08-19 08:51:59] INFO: Cleanup completed

[2026-08-19 09:52:06] WARNING: Cache miss

[2026-08-19 10:53:51] WARNING: Cache miss

[2026-08-19 11:54:51] INFO: Service started

[2026-08-19 12:55:00] INFO: Request completed

[2026-08-19 13:56:48] INFO: Background task completed

[2026-08-19 14:57:46] WARNING: Slow database query

[2026-08-19 15:58:49] INFO: Loading application state

[2026-08-19 16:59:23] INFO: Loading application state

[2026-08-19 18:00:56] INFO: Configuration loaded

[2026-08-19 19:01:50] INFO: Request completed

[2026-08-19 20:02:16] WARNING: Slow database query

[2026-08-19 21:03:19] INFO: Loading application state

[2026-08-19 22:04:11] INFO: Database connection established

[2026-08-19 23:05:43] INFO: Processing request

[2026-08-20 00:06:13] WARNING: Temporary connection failure

[2026-08-20 01:07:27] INFO: Worker heartbeat

[2026-08-20 02:08:06] INFO: Health check passed

[2026-08-20 03:09:27] WARNING: Cache miss

[2026-08-20 04:10:39] INFO: Health check passed

[2026-08-20 05:11:44] INFO: Processing request

[2026-08-20 06:12:26] INFO: Background task completed

[2026-08-20 07:13:48] INFO: Request completed

[2026-08-20 08:14:33] INFO: Worker heartbeat

[2026-08-20 09:15:35] INFO: Database connection established

[2026-08-20 10:16:03] INFO: Database connection established

[2026-08-20 11:17:35] INFO: Cache refreshed

[2026-08-20 12:18:24] INFO: Connecting to database

[2026-08-20 13:19:10] INFO: Cleanup completed

[2026-08-20 14:20:34] INFO: Database connection established

[2026-08-20 15:21:49] INFO: Connecting to database

[2026-08-20 16:22:12] INFO: Request completed

[2026-08-20 17:23:22] WARNING: Cache miss

[2026-08-20 18:24:14] INFO: Background task completed

[2026-08-20 19:25:42] WARNING: Temporary connection failure

[2026-08-20 20:26:35] WARNING: Cache miss

[2026-08-20 21:27:34] INFO: Loading application state

[2026-08-20 22:28:15] INFO: Cache refreshed

[2026-08-20 23:29:53] INFO: Loading application state
