[2026-08-17 07:15:53] INFO: Processing request

[2026-08-17 07:34:35] INFO: Processing request

[2026-08-17 07:53:34] INFO: Cache refreshed

[2026-08-17 08:12:43] INFO: Database connection established

[2026-08-17 08:31:11] INFO: Connecting to database

[2026-08-17 08:50:23] INFO: Database connection established

[2026-08-17 09:09:39] INFO: Service started

[2026-08-17 09:28:13] INFO: Processing request

[2026-08-17 09:47:42] INFO: Loading application state

[2026-08-17 10:06:19] INFO: Loading application state

[2026-08-17 10:25:33] WARNING: Slow database query

[2026-08-17 10:44:30] INFO: Database connection established

[2026-08-17 11:03:39] WARNING: Cache miss

[2026-08-17 11:22:22] INFO: Cleanup completed

[2026-08-17 11:41:22] INFO: Database connection established

[2026-08-17 14:22:03] Crash: Invalid inventory item
Traceback (most recent call last):
  File "src/inventory.py", line 4, in main
    save_inventory()
  File "src/inventory.py", line 34, in save_inventory
    database.write(items)
  File "src/inventory.py", line 34, in save_inventory
    database.write(items)
IOError: database unavailable

[2026-08-17 12:00:18] INFO: Worker heartbeat

[2026-08-17 12:19:16] WARNING: Cache miss

[2026-08-17 12:38:55] WARNING: Temporary connection failure

[2026-08-17 12:57:17] INFO: Cache refreshed

[2026-08-17 13:16:08] INFO: Health check passed

[2026-08-17 13:35:46] INFO: Worker heartbeat

[2026-08-17 13:54:10] INFO: Cleanup completed

[2026-08-17 14:13:57] INFO: Cleanup completed

[2026-08-17 14:32:33] INFO: Worker heartbeat

[2026-08-17 14:51:32] INFO: Cache refreshed

[2026-08-17 15:10:35] INFO: Cleanup completed

[2026-08-17 15:29:58] INFO: Cache refreshed

[2026-08-17 15:48:11] INFO: Request completed

[2026-08-17 16:07:00] INFO: Cleanup completed

[2026-08-17 16:26:29] INFO: Worker heartbeat

[2026-08-17 16:45:14] INFO: Health check passed

[2026-08-17 17:04:24] WARNING: Slow database query

[2026-08-17 17:23:16] INFO: Configuration loaded

[2026-08-17 17:42:13] INFO: Worker heartbeat

[2026-08-18 09:17:51] Crash: Product lookup failed
Traceback (most recent call last):
  File "src/inventory.py", line 3, in main
    process_inventory()
  File "src/inventory.py", line 18, in process_inventory
    item = find_product(product_id)
  File "src/inventory.py", line 18, in process_inventory
    item = find_product(product_id)
KeyError: 'PROD-8831'

[2026-08-17 18:01:00] INFO: Cleanup completed

[2026-08-17 18:20:32] INFO: Request completed

[2026-08-17 18:39:08] INFO: Cleanup completed

[2026-08-17 18:58:36] WARNING: Slow database query

[2026-08-17 19:17:24] INFO: Cache refreshed

[2026-08-17 19:36:33] INFO: Database connection established

[2026-08-17 19:55:22] INFO: Loading application state

[2026-08-17 20:14:11] INFO: Processing request

[2026-08-17 20:33:59] WARNING: Temporary connection failure

[2026-08-17 20:52:20] INFO: Processing request

[2026-08-17 21:11:10] INFO: Worker heartbeat

[2026-08-17 21:30:36] INFO: Cleanup completed

[2026-08-17 21:49:24] INFO: Database connection established

[2026-08-17 22:08:04] INFO: Background task completed

[2026-08-19 11:52:47] Crash: Inventory calculation failed
Traceback (most recent call last):
  File "src/inventory.py", line 3, in main
    process_inventory(inventory)
  File "src/inventory.py", line 18, in process_inventory
    total = calculate_item(total, item)
  File "src/inventory.py", line 32, in calculate_item
    return total + diagnostic
TypeError: unsupported operand type(s) for +: 'int' and 'str'

[2026-08-17 22:27:51] WARNING: Temporary connection failure

[2026-08-17 22:46:10] INFO: Worker heartbeat

[2026-08-17 23:05:16] INFO: Cleanup completed

[2026-08-17 23:24:27] INFO: Connecting to database

[2026-08-17 23:43:54] WARNING: Cache miss

[2026-08-18 00:02:51] INFO: Health check passed

[2026-08-18 00:21:06] INFO: Processing request

[2026-08-18 00:40:02] INFO: Health check passed

[2026-08-18 00:59:48] WARNING: Cache miss

[2026-08-18 01:18:15] WARNING: Temporary connection failure

[2026-08-18 01:37:16] INFO: Request completed

[2026-08-18 01:56:55] INFO: Processing request

[2026-08-18 02:15:34] WARNING: Cache miss

[2026-08-18 02:34:58] INFO: Request completed

[2026-08-18 02:53:30] INFO: Configuration loaded

[2026-08-18 03:12:15] WARNING: Temporary connection failure

[2026-08-18 03:31:53] INFO: Connecting to database

[2026-08-18 03:50:14] INFO: Background task completed

[2026-08-18 04:09:20] WARNING: Cache miss

[2026-08-19 15:03:11] Crash: Failed to save inventory
Traceback (most recent call last):
  File "src/inventory.py", line 4, in main
    save_inventory()
  File "src/inventory.py", line 34, in save_inventory
    database.write(items)
  File "src/inventory.py", line 34, in save_inventory
    database.write(items)
IOError: database unavailable

[2026-08-18 04:28:54] INFO: Background task completed

[2026-08-18 04:47:32] WARNING: Cache miss

[2026-08-18 05:06:01] INFO: Database connection established

[2026-08-18 05:25:32] INFO: Health check passed

[2026-08-18 05:44:52] INFO: Connecting to database

[2026-08-18 06:03:09] INFO: Loading application state

[2026-08-18 06:22:16] INFO: Loading application state

[2026-08-18 06:41:12] INFO: Health check passed

[2026-08-18 07:00:18] INFO: Health check passed

[2026-08-18 07:19:20] WARNING: Slow database query

[2026-08-18 07:38:44] INFO: Background task completed

[2026-08-20 10:31:04] Crash: Inventory cache failed
Traceback (most recent call last):
  File "src/inventory.py", line 2, in main
    load_inventory()
  File "src/inventory.py", line 8, in load_inventory
    return read_cache()
  File "src/inventory.py", line 8, in load_inventory
    return read_cache()
OSError: cache unavailable

[2026-08-18 07:57:50] INFO: Processing request

[2026-08-18 08:16:12] INFO: Worker heartbeat

[2026-08-18 08:35:33] WARNING: Cache miss

[2026-08-18 08:54:54] INFO: Loading application state

[2026-08-18 09:13:54] INFO: Background task completed

[2026-08-18 09:32:15] WARNING: Cache miss

[2026-08-18 09:51:29] INFO: Processing request

[2026-08-18 10:10:41] WARNING: Slow database query

[2026-08-18 10:29:40] INFO: Connecting to database

[2026-08-18 10:48:01] WARNING: Temporary connection failure

[2026-08-18 11:07:24] INFO: Configuration loaded

[2026-08-18 11:26:20] INFO: Connecting to database

[2026-08-18 11:45:52] INFO: Loading application state

[2026-08-18 12:04:05] WARNING: Cache miss

[2026-08-18 12:23:30] INFO: Health check passed

[2026-08-18 12:42:39] INFO: Worker heartbeat

[2026-08-18 13:01:35] INFO: Configuration loaded

[2026-08-18 13:20:33] INFO: Cache refreshed

[2026-08-18 13:39:37] WARNING: Cache miss

[2026-08-18 13:58:38] INFO: Processing request

[2026-08-18 14:17:17] INFO: Health check passed

[2026-08-18 14:36:35] INFO: Background task completed
