[2026-08-17 00:00:04] WARNING: Temporary connection failure

[2026-08-17 00:29:49] INFO: Connecting to database

[2026-08-17 00:58:57] INFO: Database connection established

[2026-08-17 01:27:20] INFO: Configuration loaded

[2026-08-17 01:56:08] WARNING: Slow database query

[2026-08-17 02:25:06] INFO: Processing request

[2026-08-17 02:54:00] INFO: Service started

[2026-08-17 03:23:28] WARNING: Slow database query

[2026-08-17 03:52:10] INFO: Processing request

[2026-08-17 04:21:21] INFO: Cleanup completed

[2026-08-17 04:50:40] INFO: Health check passed

[2026-08-17 05:19:01] WARNING: Slow database query

[2026-08-17 05:48:48] INFO: Health check passed

[2026-08-17 06:17:42] INFO: Health check passed

[2026-08-17 06:46:46] INFO: Connecting to database

[2026-08-17 07:15:22] INFO: Connecting to database

[2026-08-17 07:44:21] INFO: Loading application state

[2026-08-17 08:13:22] INFO: Cleanup completed

[2026-08-17 08:42:07] INFO: Service started

[2026-08-17 09:11:51] INFO: Database connection established

[2026-08-17 09:40:13] INFO: Configuration loaded

[2026-08-17 10:09:37] INFO: Database connection established

[2026-08-17 10:38:21] INFO: Loading application state

[2026-08-17 11:07:06] INFO: Cache refreshed

[2026-08-17 11:36:49] INFO: Background task completed

[2026-08-17 12:05:38] INFO: Worker heartbeat

[2026-08-17 12:34:12] WARNING: Slow database query

[2026-08-17 13:03:35] INFO: Worker heartbeat

[2026-08-17 13:32:58] INFO: Service started

[2026-08-17 14:01:46] WARNING: Cache miss

[2026-08-17 14:30:24] WARNING: Cache miss

[2026-08-17 14:59:11] INFO: Connecting to database

[2026-08-17 15:28:20] WARNING: Cache miss

[2026-08-17 15:57:06] INFO: Configuration loaded

[2026-08-17 16:26:11] WARNING: Slow database query

[2026-08-17 16:55:39] INFO: Database connection established

[2026-08-17 17:24:47] INFO: Service started

[2026-08-17 17:53:59] INFO: Database connection established

[2026-08-17 18:22:06] INFO: Worker heartbeat

[2026-08-17 18:51:53] INFO: Configuration loaded

[2026-08-17 19:20:05] INFO: Worker heartbeat

[2026-08-17 19:49:37] INFO: Loading application state

[2026-08-17 20:18:45] INFO: Database connection established

[2026-08-17 20:47:53] INFO: Request completed

[2026-08-17 21:16:06] INFO: Service started

[2026-08-17 21:45:55] INFO: Service started

[2026-08-17 22:14:57] INFO: Connecting to database

[2026-08-17 22:43:52] INFO: Processing request

[2026-08-17 23:12:42] INFO: Database connection established

[2026-08-17 23:41:14] INFO: Cache refreshed

[2026-08-18 00:10:13] INFO: Worker heartbeat

[2026-08-18 00:39:21] INFO: Database connection established

[2026-08-18 01:08:59] INFO: Service started

[2026-08-18 01:37:24] INFO: Loading application state

[2026-08-18 02:06:40] INFO: Health check passed

[2026-08-18 02:35:32] WARNING: Temporary connection failure

[2026-08-18 03:04:09] INFO: Database connection established

[2026-08-18 03:33:02] INFO: Cache refreshed

[2026-08-18 04:02:37] INFO: Background task completed

[2026-08-18 04:31:46] INFO: Loading application state

[2026-08-18 05:00:12] WARNING: Cache miss

[2026-08-18 05:29:31] WARNING: Cache miss

[2026-08-18 05:58:37] INFO: Cache refreshed

[2026-08-18 06:27:47] INFO: Cleanup completed

[2026-08-18 06:56:29] INFO: Connecting to database

[2026-08-18 07:25:58] WARNING: Cache miss

[2026-08-18 07:54:20] INFO: Loading application state

[2026-08-18 08:23:03] WARNING: Slow database query

[2026-08-18 08:52:19] WARNING: Slow database query

[2026-08-18 09:21:52] WARNING: Slow database query

[2026-08-18 09:50:21] INFO: Database connection established

[2026-08-18 10:19:21] INFO: Connecting to database

[2026-08-18 10:48:52] INFO: Health check passed

[2026-08-18 11:17:03] INFO: Worker heartbeat

[2026-08-18 11:46:26] INFO: Database connection established

[2026-08-18 12:15:28] INFO: Connecting to database

[2026-08-18 12:44:37] INFO: Service started

[2026-08-18 13:13:34] INFO: Loading application state

[2026-08-18 13:42:51] INFO: Loading application state

[2026-08-18 14:11:44] INFO: Cleanup completed

[2026-08-18 14:40:11] INFO: Background task completed

[2026-08-18 15:09:09] WARNING: Cache miss

[2026-08-18 15:38:03] INFO: Worker heartbeat

[2026-08-18 16:07:46] WARNING: Cache miss

[2026-08-18 16:36:19] WARNING: Cache miss

[2026-08-18 17:05:17] INFO: Service started

[2026-08-18 17:34:59] INFO: Connecting to database

[2026-08-18 18:03:04] INFO: Health check passed

[2026-08-18 18:32:51] INFO: Database connection established

[2026-08-18 19:01:43] INFO: Database connection established

[2026-08-18 19:30:12] WARNING: Temporary connection failure

[2026-08-18 19:59:03] INFO: Worker heartbeat

[2026-08-18 20:28:26] WARNING: Temporary connection failure

[2026-08-18 20:57:03] INFO: Worker heartbeat

[2026-08-18 21:26:45] INFO: Configuration loaded

[2026-08-18 21:55:37] INFO: Worker heartbeat

[2026-08-18 22:24:08] INFO: Cache refreshed

[2026-08-18 22:53:04] WARNING: Cache miss

[2026-08-18 23:22:47] INFO: Background task completed

[2026-08-18 23:51:55] INFO: Loading application state

[2026-08-19 00:20:39] INFO: Service started

[2026-08-19 00:49:32] INFO: Cleanup completed

[2026-08-19 01:18:34] INFO: Loading application state

[2026-08-19 01:47:57] INFO: Configuration loaded

[2026-08-19 02:16:32] INFO: Worker heartbeat

[2026-08-19 02:45:06] WARNING: Temporary connection failure

[2026-08-19 03:14:01] WARNING: Slow database query

[2026-08-19 03:43:04] INFO: Worker heartbeat

[2026-08-19 04:12:56] WARNING: Slow database query

[2026-08-19 04:41:36] INFO: Background task completed

[2026-08-19 05:10:15] INFO: Configuration loaded

[2026-08-19 05:39:32] INFO: Connecting to database

[2026-08-19 06:08:25] INFO: Worker heartbeat

[2026-08-19 06:37:47] WARNING: Slow database query

[2026-08-19 07:06:47] INFO: Worker heartbeat

[2026-08-19 07:35:18] INFO: Cleanup completed

[2026-08-19 08:04:19] INFO: Processing request

[2026-08-19 08:33:46] INFO: Loading application state

[2026-08-19 09:02:06] INFO: Configuration loaded

[2026-08-19 09:31:49] INFO: Loading application state

[2026-08-19 10:00:35] WARNING: Temporary connection failure

[2026-08-19 10:29:04] WARNING: Slow database query

[2026-08-19 10:58:24] INFO: Loading application state

[2026-08-19 11:27:04] INFO: Processing request

[2026-08-19 11:56:17] WARNING: Temporary connection failure

[2026-08-19 12:25:26] INFO: Health check passed

[2026-08-19 12:54:12] INFO: Database connection established

[2026-08-19 13:23:22] INFO: Health check passed

[2026-08-19 13:52:57] INFO: Processing request

[2026-08-19 14:21:27] INFO: Service started

[2026-08-19 14:50:47] INFO: Processing request

[2026-08-19 15:19:13] INFO: Cleanup completed

[2026-08-19 15:48:04] INFO: Cache refreshed

[2026-08-19 16:17:43] WARNING: Cache miss

[2026-08-19 16:46:22] WARNING: Slow database query

[2026-08-19 17:15:20] INFO: Background task completed

[2026-08-19 17:44:42] INFO: Request completed

[2026-08-19 18:13:18] INFO: Configuration loaded

[2026-08-19 18:42:45] WARNING: Temporary connection failure

[2026-08-19 19:11:53] INFO: Connecting to database

[2026-08-19 19:40:48] INFO: Cache refreshed

[2026-08-19 20:09:52] INFO: Connecting to database

[2026-08-19 20:38:57] INFO: Loading application state

[2026-08-19 21:07:38] INFO: Service started

[2026-08-19 21:36:04] INFO: Configuration loaded

[2026-08-19 22:05:19] INFO: Loading application state

[2026-08-19 22:34:07] INFO: Database connection established

[2026-08-19 23:03:38] INFO: Cleanup completed

[2026-08-19 23:32:00] WARNING: Cache miss

[2026-08-20 00:01:34] INFO: Cleanup completed
