[2026-08-17 00:00:44] INFO: Health check passed

[2026-08-17 00:31:05] INFO: Processing request

[2026-08-17 01:02:30] WARNING: Cache miss

[2026-08-17 01:33:33] INFO: Worker heartbeat

[2026-08-17 02:04:37] INFO: Cache refreshed

[2026-08-17 02:35:31] INFO: Processing request

[2026-08-17 03:06:50] INFO: Cleanup completed

[2026-08-17 03:37:44] INFO: Cleanup completed

[2026-08-17 04:08:13] INFO: Service started

[2026-08-17 04:39:11] INFO: Cache refreshed

[2026-08-17 05:10:16] INFO: Worker heartbeat

[2026-08-17 05:41:31] INFO: Configuration loaded

[2026-08-17 06:12:41] INFO: Cache refreshed

[2026-08-17 06:43:01] INFO: Connecting to database

[2026-08-17 07:14:15] INFO: Service started

[2026-08-17 07:45:21] INFO: Request completed

[2026-08-17 08:16:21] INFO: Loading application state

[2026-08-17 08:47:54] INFO: Background task completed

[2026-08-17 09:18:03] INFO: Health check passed

[2026-08-17 09:49:29] INFO: Cleanup completed

[2026-08-17 10:20:56] INFO: Background task completed

[2026-08-17 10:51:39] INFO: Request completed

[2026-08-17 11:22:36] INFO: Background task completed

[2026-08-17 11:53:31] INFO: Background task completed

[2026-08-17 12:24:40] INFO: Configuration loaded

[2026-08-17 12:55:00] INFO: Health check passed

[2026-08-17 13:26:56] INFO: Loading application state

[2026-08-17 13:57:19] WARNING: Temporary connection failure

[2026-08-17 14:28:46] INFO: Processing request

[2026-08-17 14:59:59] INFO: Worker heartbeat

[2026-08-17 15:30:58] INFO: Configuration loaded

[2026-08-17 16:01:19] INFO: Loading application state

[2026-08-17 16:32:12] INFO: Health check passed

[2026-08-17 17:03:23] INFO: Loading application state

[2026-08-17 17:34:47] INFO: Cache refreshed

[2026-08-17 18:05:54] INFO: Service started

[2026-08-17 18:36:33] INFO: Cache refreshed

[2026-08-17 19:07:11] INFO: Configuration loaded

[2026-08-17 19:38:20] INFO: Database connection established

[2026-08-17 20:09:00] INFO: Connecting to database

[2026-08-17 20:40:39] INFO: Cleanup completed

[2026-08-17 21:11:45] WARNING: Temporary connection failure

[2026-08-17 21:42:14] INFO: Configuration loaded

[2026-08-17 22:13:03] INFO: Connecting to database

[2026-08-17 22:44:35] INFO: Configuration loaded

[2026-08-17 23:15:23] INFO: Cleanup completed

[2026-08-17 23:46:22] WARNING: Cache miss

[2026-08-18 00:17:44] INFO: Processing request

[2026-08-18 00:48:49] INFO: Health check passed

[2026-08-18 01:19:37] INFO: Configuration loaded

[2026-08-18 01:50:09] INFO: Cleanup completed

[2026-08-18 02:21:22] INFO: Cache refreshed

[2026-08-18 02:52:51] INFO: Health check passed

[2026-08-18 03:23:06] INFO: Database connection established

[2026-08-18 03:54:13] INFO: Background task completed

[2026-08-18 04:25:51] INFO: Request completed

[2026-08-18 04:56:15] INFO: Request completed

[2026-08-18 05:27:37] WARNING: Slow database query

[2026-08-18 05:58:00] INFO: Database connection established

[2026-08-18 06:29:25] INFO: Cache refreshed

[2026-08-18 07:00:23] INFO: Loading application state

[2026-08-18 07:31:16] INFO: Worker heartbeat

[2026-08-18 08:02:46] WARNING: Slow database query

[2026-08-18 08:33:10] INFO: Connecting to database

[2026-08-18 09:04:14] INFO: Configuration loaded

[2026-08-18 09:35:12] INFO: Processing request

[2026-08-18 10:06:15] INFO: Service started

[2026-08-18 10:37:48] WARNING: Cache miss

[2026-08-18 11:08:57] INFO: Health check passed

[2026-08-18 11:39:14] INFO: Health check passed

[2026-08-18 12:10:05] INFO: Background task completed

[2026-08-18 12:41:10] WARNING: Cache miss

[2026-08-18 13:12:45] INFO: Configuration loaded

[2026-08-18 13:43:45] WARNING: Slow database query

[2026-08-18 14:14:09] INFO: Service started

[2026-08-18 14:45:11] INFO: Background task completed

[2026-08-18 15:16:27] INFO: Cache refreshed

[2026-08-18 15:47:55] INFO: Loading application state

[2026-08-18 16:18:29] WARNING: Slow database query

[2026-08-18 16:49:52] INFO: Request completed

[2026-08-18 17:20:23] INFO: Health check passed

[2026-08-18 17:51:12] INFO: Cleanup completed

[2026-08-18 18:22:05] INFO: Request completed

[2026-08-18 18:53:51] INFO: Request completed

[2026-08-18 19:24:18] INFO: Service started

[2026-08-18 19:55:56] INFO: Background task completed

[2026-08-18 20:26:04] INFO: Database connection established

[2026-08-18 20:57:43] INFO: Configuration loaded

[2026-08-18 21:28:48] INFO: Processing request

[2026-08-18 21:59:57] INFO: Health check passed

[2026-08-18 22:30:43] INFO: Database connection established

[2026-08-18 23:01:55] WARNING: Slow database query

[2026-08-18 23:32:55] INFO: Background task completed

[2026-08-19 00:03:32] INFO: Health check passed

[2026-08-19 00:34:00] INFO: Database connection established

[2026-08-19 01:05:54] INFO: Cleanup completed

[2026-08-19 01:36:46] INFO: Loading application state

[2026-08-19 02:07:32] INFO: Connecting to database

[2026-08-19 02:38:24] INFO: Request completed

[2026-08-19 03:09:58] INFO: Request completed

[2026-08-19 03:40:08] INFO: Request completed

[2026-08-19 04:11:32] INFO: Configuration loaded

[2026-08-19 04:42:24] INFO: Loading application state

[2026-08-19 05:13:37] WARNING: Slow database query

[2026-08-19 05:44:35] WARNING: Cache miss

[2026-08-19 06:15:39] INFO: Cleanup completed

[2026-08-19 06:46:36] INFO: Configuration loaded

[2026-08-19 07:17:49] INFO: Database connection established

[2026-08-19 07:48:29] INFO: Database connection established

[2026-08-19 08:19:04] INFO: Cleanup completed

[2026-08-19 08:50:47] INFO: Configuration loaded

[2026-08-19 09:21:19] INFO: Request completed

[2026-08-19 09:52:50] INFO: Worker heartbeat

[2026-08-19 10:23:50] INFO: Request completed

[2026-08-19 10:54:22] INFO: Cleanup completed

[2026-08-19 11:25:32] INFO: Background task completed

[2026-08-19 11:56:07] INFO: Loading application state

[2026-08-19 12:27:15] INFO: Processing request

[2026-08-19 12:58:42] INFO: Background task completed

[2026-08-19 13:29:07] INFO: Database connection established

[2026-08-19 14:00:50] INFO: Connecting to database

[2026-08-19 14:31:22] INFO: Connecting to database

[2026-08-19 15:02:29] INFO: Worker heartbeat

[2026-08-19 15:33:58] INFO: Service started

[2026-08-19 16:04:57] WARNING: Cache miss

[2026-08-19 16:35:08] INFO: Processing request

[2026-08-19 17:06:12] INFO: Cleanup completed

[2026-08-19 17:37:14] INFO: Processing request

[2026-08-19 18:08:35] INFO: Configuration loaded

[2026-08-19 18:39:35] INFO: Cleanup completed

[2026-08-19 19:10:44] INFO: Loading application state

[2026-08-19 19:41:30] INFO: Request completed

[2026-08-19 20:12:34] WARNING: Cache miss

[2026-08-19 20:43:44] WARNING: Cache miss

[2026-08-19 21:14:38] INFO: Background task completed

[2026-08-19 21:45:34] INFO: Loading application state

[2026-08-19 22:16:56] INFO: Configuration loaded

[2026-08-19 22:47:03] WARNING: Slow database query

[2026-08-19 23:18:06] INFO: Cleanup completed

[2026-08-19 23:49:12] INFO: Database connection established

[2026-08-20 00:20:22] INFO: Health check passed

[2026-08-20 00:51:16] INFO: Health check passed

[2026-08-20 01:22:12] INFO: Worker heartbeat

[2026-08-20 01:53:56] INFO: Configuration loaded

[2026-08-20 02:24:01] INFO: Request completed

[2026-08-20 02:55:05] INFO: Request completed

[2026-08-20 03:26:07] INFO: Connecting to database

[2026-08-20 03:57:38] INFO: Database connection established

[2026-08-20 04:28:49] INFO: Database connection established

[2026-08-20 04:59:53] INFO: Configuration loaded

[2026-08-20 05:30:48] INFO: Service started

[2026-08-20 06:01:38] INFO: Connecting to database

[2026-08-20 06:32:56] INFO: Configuration loaded

[2026-08-20 07:03:47] INFO: Worker heartbeat

[2026-08-20 07:34:50] INFO: Request completed

[2026-08-20 08:05:48] INFO: Processing request

[2026-08-20 08:36:55] INFO: Request completed

[2026-08-20 09:07:59] INFO: Database connection established

[2026-08-20 09:38:03] WARNING: Cache miss

[2026-08-20 10:09:02] INFO: Health check passed

[2026-08-20 10:40:57] INFO: Connecting to database

[2026-08-20 11:11:01] INFO: Loading application state

[2026-08-20 11:42:28] INFO: Processing request

[2026-08-20 12:13:30] INFO: Health check passed

[2026-08-20 12:44:19] INFO: Cache refreshed

[2026-08-20 13:15:51] INFO: Service started

[2026-08-20 13:46:04] INFO: Cleanup completed

[2026-08-20 14:17:22] INFO: Database connection established

[2026-08-20 14:48:01] WARNING: Cache miss

[2026-08-20 15:19:59] WARNING: Slow database query

[2026-08-20 15:50:38] INFO: Cache refreshed

[2026-08-20 16:21:51] INFO: Background task completed

[2026-08-20 16:52:01] WARNING: Temporary connection failure

[2026-08-20 17:23:29] INFO: Database connection established

[2026-08-20 17:54:49] INFO: Request completed

[2026-08-20 18:25:52] INFO: Configuration loaded

[2026-08-20 18:56:06] INFO: Cleanup completed

[2026-08-20 19:27:06] WARNING: Cache miss

[2026-08-20 19:58:32] WARNING: Cache miss

[2026-08-20 20:29:12] INFO: Request completed

[2026-08-20 21:00:09] INFO: Request completed

[2026-08-20 21:31:18] WARNING: Cache miss

[2026-08-20 22:02:00] WARNING: Cache miss

[2026-08-20 22:33:42] INFO: Configuration loaded

[2026-08-20 23:04:09] INFO: Cache refreshed

[2026-08-20 23:35:59] INFO: Database connection established

[2026-08-21 00:06:58] INFO: Loading application state

[2026-08-21 00:37:12] WARNING: Temporary connection failure

[2026-08-21 01:08:55] INFO: Cache refreshed

[2026-08-21 01:39:47] INFO: Background task completed

[2026-08-21 02:10:03] WARNING: Slow database query

[2026-08-21 02:41:35] INFO: Connecting to database

[2026-08-21 03:12:15] INFO: Background task completed

[2026-08-21 03:43:43] WARNING: Temporary connection failure

[2026-08-21 04:14:38] INFO: Request completed

[2026-08-21 04:45:27] INFO: Worker heartbeat

[2026-08-21 05:16:38] WARNING: Slow database query

[2026-08-21 05:47:15] INFO: Database connection established

[2026-08-21 06:18:34] INFO: Worker heartbeat

[2026-08-21 06:49:03] INFO: Request completed
