[2026-08-17 09:00:29] INFO: Health check passed

[2026-08-17 09:17:47] INFO: Database connection established

[2026-08-17 09:34:33] WARNING: Slow database query

[2026-08-17 09:51:25] INFO: Cleanup completed

[2026-08-17 10:08:27] INFO: Worker heartbeat

[2026-08-17 10:25:38] INFO: Health check passed

[2026-08-17 10:42:31] INFO: Service started

[2026-08-17 10:59:44] INFO: Connecting to database

[2026-08-17 11:16:46] INFO: Background task completed

[2026-08-17 11:33:17] INFO: Background task completed

[2026-08-17 11:50:08] INFO: Health check passed

[2026-08-17 12:07:20] INFO: Worker heartbeat

[2026-08-17 12:24:40] INFO: Worker heartbeat

[2026-08-17 12:41:59] WARNING: Slow database query

[2026-08-17 12:58:47] INFO: Database connection established

[2026-08-17 13:15:51] INFO: Loading application state

[2026-08-17 13:32:05] INFO: Processing request

[2026-08-17 13:49:44] INFO: Configuration loaded

[2026-08-17 14:06:32] INFO: Cache refreshed

[2026-08-17 14:23:39] INFO: Request completed

[2026-08-17 14:40:53] INFO: Database connection established

[2026-08-17 14:57:50] INFO: Loading application state

[2026-08-17 15:14:09] INFO: Loading application state

[2026-08-17 15:31:51] INFO: Worker heartbeat

[2026-08-17 15:48:41] WARNING: Slow database query

[2026-08-17 16:05:20] INFO: Configuration loaded

[2026-08-17 16:22:43] INFO: Processing request

[2026-08-17 16:39:14] INFO: Worker heartbeat

[2026-08-17 16:56:04] INFO: Processing request

[2026-08-17 17:13:37] WARNING: Temporary connection failure

[2026-08-17 17:30:24] INFO: Database connection established

[2026-08-17 17:47:57] INFO: Health check passed

[2026-08-17 18:04:45] INFO: Worker heartbeat

[2026-08-17 18:21:51] INFO: Cleanup completed

[2026-08-17 18:38:24] INFO: Database connection established

[2026-08-17 18:55:10] INFO: Service started

[2026-08-17 19:12:56] INFO: Background task completed

[2026-08-17 19:29:47] INFO: Loading application state

[2026-08-17 19:46:29] INFO: Cleanup completed

[2026-08-17 20:03:20] INFO: Database connection established

[2026-08-17 20:20:30] INFO: Background task completed

[2026-08-17 20:37:14] INFO: Background task completed

[2026-08-17 20:54:13] INFO: Connecting to database

[2026-08-17 21:11:48] INFO: Background task completed

[2026-08-17 21:28:17] INFO: Request completed

[2026-08-17 21:45:13] INFO: Request completed

[2026-08-17 22:02:49] INFO: Worker heartbeat

[2026-08-17 22:19:38] INFO: Cleanup completed

[2026-08-17 22:36:35] INFO: Cleanup completed

[2026-08-17 22:53:27] INFO: Database connection established

[2026-08-17 23:10:56] INFO: Cache refreshed

[2026-08-17 23:27:01] INFO: Loading application state

[2026-08-17 23:44:16] INFO: Connecting to database

[2026-08-18 00:01:03] WARNING: Cache miss

[2026-08-18 00:18:20] INFO: Worker heartbeat

[2026-08-18 00:35:17] WARNING: Temporary connection failure

[2026-08-18 00:52:12] WARNING: Temporary connection failure

[2026-08-18 01:09:28] INFO: Request completed

[2026-08-18 01:26:19] INFO: Background task completed

[2026-08-18 01:43:25] INFO: Processing request

[2026-08-18 02:00:19] INFO: Service started

[2026-08-18 02:17:28] INFO: Connecting to database

[2026-08-18 02:34:15] WARNING: Slow database query

[2026-08-18 02:51:16] INFO: Loading application state

[2026-08-18 03:08:25] WARNING: Slow database query

[2026-08-18 03:25:00] INFO: Health check passed

[2026-08-18 03:42:32] INFO: Worker heartbeat

[2026-08-18 03:59:01] INFO: Service started

[2026-08-18 04:16:09] INFO: Request completed

[2026-08-18 04:33:38] WARNING: Cache miss

[2026-08-18 04:50:30] INFO: Health check passed

[2026-08-18 05:07:53] INFO: Background task completed

[2026-08-18 05:24:20] INFO: Health check passed

[2026-08-18 05:41:41] INFO: Configuration loaded

[2026-08-18 05:58:19] INFO: Configuration loaded

[2026-08-18 06:15:25] INFO: Connecting to database

[2026-08-18 06:32:37] INFO: Loading application state

[2026-08-18 06:49:03] INFO: Service started

[2026-08-18 07:06:16] INFO: Configuration loaded

[2026-08-18 07:23:01] INFO: Configuration loaded
