[2026-08-17 05:30:39] INFO: Processing request

[2026-08-17 05:53:27] INFO: Database connection established

[2026-08-17 06:16:46] INFO: Loading application state

[2026-08-17 06:39:53] INFO: Processing request

[2026-08-17 07:02:22] INFO: Loading application state

[2026-08-17 07:25:06] WARNING: Temporary connection failure

[2026-08-17 07:48:27] INFO: Cache refreshed

[2026-08-17 08:11:37] INFO: Processing request

[2026-08-17 08:34:57] INFO: Database connection established

[2026-08-17 08:57:23] INFO: Cleanup completed

[2026-08-17 09:20:49] INFO: Background task completed

[2026-08-17 09:43:11] INFO: Cleanup completed

[2026-08-17 10:06:44] INFO: Configuration loaded

[2026-08-17 10:29:00] WARNING: Slow database query

[2026-08-17 10:52:58] INFO: Processing request

[2026-08-17 11:15:42] INFO: Processing request

[2026-08-17 11:38:22] INFO: Worker heartbeat

[2026-08-17 12:01:41] INFO: Background task completed

[2026-08-17 12:24:54] INFO: Service started

[2026-08-17 12:47:30] INFO: Worker heartbeat

[2026-08-17 13:10:10] WARNING: Slow database query

[2026-08-17 13:33:45] WARNING: Cache miss

[2026-08-17 13:56:58] INFO: Connecting to database

[2026-08-17 14:19:08] INFO: Cleanup completed

[2026-08-17 14:42:21] INFO: Cleanup completed

[2026-08-17 15:05:00] INFO: Request completed

[2026-08-17 15:28:30] INFO: Worker heartbeat

[2026-08-17 15:51:30] INFO: Worker heartbeat

[2026-08-19 12:14:52] Crash: Worker failed to process task
Traceback (most recent call last):
  File "src/worker.py", line 3, in main
    process_job()
  File "src/worker.py", line 9, in process_job
    task.run()
  File "src/worker.py", line 9, in process_job
    task.run()
RuntimeError: task execution failed

[2026-08-17 16:14:41] INFO: Database connection established

[2026-08-17 16:37:14] INFO: Processing request

[2026-08-17 17:00:06] INFO: Configuration loaded

[2026-08-17 17:23:50] INFO: Loading application state

[2026-08-17 17:46:58] INFO: Processing request

[2026-08-17 18:09:46] WARNING: Slow database query

[2026-08-17 18:32:00] INFO: Cache refreshed

[2026-08-17 18:55:33] INFO: Processing request

[2026-08-17 19:18:26] INFO: Configuration loaded

[2026-08-17 19:41:55] WARNING: Cache miss

[2026-08-17 20:04:50] INFO: Cleanup completed

[2026-08-17 20:27:58] INFO: Health check passed

[2026-08-17 20:50:52] INFO: Configuration loaded

[2026-08-17 21:13:01] INFO: Cache refreshed

[2026-08-17 21:36:18] INFO: Database connection established

[2026-08-17 21:59:38] INFO: Configuration loaded

[2026-08-17 22:22:37] INFO: Database connection established

[2026-08-17 22:45:13] INFO: Health check passed

[2026-08-17 23:08:21] INFO: Service started

[2026-08-17 23:31:42] INFO: Service started

[2026-08-17 23:54:52] INFO: Database connection established

[2026-08-18 00:17:26] INFO: Cleanup completed

[2026-08-18 00:40:03] INFO: Worker heartbeat

[2026-08-18 01:03:25] INFO: Loading application state

[2026-08-18 01:26:19] INFO: Request completed

[2026-08-18 01:49:15] INFO: Cleanup completed

[2026-08-18 02:12:59] INFO: Database connection established

[2026-08-18 02:35:59] WARNING: Cache miss

[2026-08-18 02:58:12] WARNING: Slow database query

[2026-08-18 03:21:09] INFO: Service started

[2026-08-18 03:44:28] WARNING: Temporary connection failure

[2026-08-18 04:07:00] INFO: Background task completed

[2026-08-18 04:30:15] INFO: Health check passed

[2026-08-18 04:53:57] INFO: Worker heartbeat

[2026-08-18 05:16:33] INFO: Database connection established

[2026-08-18 05:39:40] WARNING: Temporary connection failure

[2026-08-18 06:02:19] INFO: Cleanup completed

[2026-08-18 06:25:45] INFO: Cache refreshed

[2026-08-18 06:48:17] INFO: Service started

[2026-08-18 07:11:47] INFO: Health check passed

[2026-08-18 07:34:41] INFO: Cleanup completed

[2026-08-18 07:57:56] INFO: Cleanup completed

[2026-08-20 13:21:55] Crash: Worker failed
Traceback (most recent call last):
  File "src/worker.py", line 3, in main
    process_job()
  File "src/worker.py", line 9, in process_job
    task.run()
  File "src/worker.py", line 9, in process_job
    task.run()
RuntimeError: task failed

[2026-08-18 08:20:03] WARNING: Temporary connection failure

[2026-08-18 08:43:49] INFO: Connecting to database

[2026-08-18 09:06:24] INFO: Request completed

[2026-08-18 09:29:43] INFO: Background task completed

[2026-08-18 09:52:37] INFO: Health check passed

[2026-08-18 10:15:19] INFO: Health check passed

[2026-08-18 10:38:42] INFO: Database connection established

[2026-08-18 11:01:19] INFO: Loading application state

[2026-08-18 11:24:27] INFO: Processing request

[2026-08-18 11:47:34] INFO: Database connection established

[2026-08-18 12:10:22] INFO: Processing request

[2026-08-18 12:33:10] INFO: Cleanup completed

[2026-08-18 12:56:31] WARNING: Cache miss

[2026-08-18 13:19:38] INFO: Background task completed

[2026-08-18 13:42:05] INFO: Cleanup completed

[2026-08-18 14:05:07] INFO: Health check passed

[2026-08-18 14:28:40] INFO: Processing request

[2026-08-18 14:51:24] INFO: Background task completed

[2026-08-18 15:14:05] INFO: Cache refreshed

[2026-08-18 15:37:07] INFO: Service started

[2026-08-18 16:00:16] INFO: Database connection established

[2026-08-18 16:23:08] INFO: Connecting to database

[2026-08-18 16:46:02] INFO: Health check passed

[2026-08-18 17:09:00] INFO: Database connection established

[2026-08-18 17:32:10] INFO: Database connection established

[2026-08-18 17:55:13] INFO: Health check passed

[2026-08-18 18:18:59] INFO: Cleanup completed

[2026-08-18 18:41:22] INFO: Cleanup completed

[2026-08-18 19:04:41] INFO: Database connection established

[2026-08-18 19:27:31] INFO: Processing request
