[2026-08-17 06:00:36] WARNING: Slow database query

[2026-08-17 06:11:25] INFO: Processing request

[2026-08-17 06:22:19] WARNING: Cache miss

[2026-08-17 06:33:29] INFO: Loading application state

[2026-08-17 06:44:57] INFO: Background task completed

[2026-08-17 06:55:03] INFO: Cache refreshed

[2026-08-17 07:06:32] WARNING: Temporary connection failure

[2026-08-17 07:17:02] INFO: Background task completed

[2026-08-17 07:28:03] WARNING: Slow database query

[2026-08-17 07:39:03] INFO: Cache refreshed

[2026-08-17 07:50:27] INFO: Cleanup completed

[2026-08-17 08:01:44] INFO: Database connection established

[2026-08-17 08:12:38] INFO: Request completed

[2026-08-17 08:23:47] WARNING: Temporary connection failure

[2026-08-17 08:34:00] INFO: Cache refreshed

[2026-08-17 08:45:42] INFO: Request completed

[2026-08-17 08:56:21] INFO: Loading application state

[2026-08-17 09:07:20] INFO: Background task completed

[2026-08-17 09:18:17] INFO: Service started

[2026-08-17 09:29:17] WARNING: Temporary connection failure

[2026-08-17 09:40:14] INFO: Health check passed

[2026-08-17 09:51:30] INFO: Service started

[2026-08-17 10:02:47] INFO: Configuration loaded

[2026-08-17 10:13:03] INFO: Service started

[2026-08-17 10:24:55] INFO: Health check passed

[2026-08-17 10:35:21] INFO: Configuration loaded

[2026-08-17 10:46:44] INFO: Cleanup completed

[2026-08-17 10:57:34] INFO: Background task completed

[2026-08-17 11:08:08] INFO: Processing request

[2026-08-17 11:19:22] INFO: Worker heartbeat

[2026-08-17 11:30:14] WARNING: Temporary connection failure

[2026-08-17 11:41:40] INFO: Connecting to database

[2026-08-17 11:52:51] INFO: Cleanup completed

[2026-08-17 12:03:50] INFO: Processing request

[2026-08-17 12:14:28] INFO: Health check passed

[2026-08-17 12:25:26] INFO: Configuration loaded

[2026-08-17 12:36:01] INFO: Connecting to database

[2026-08-17 12:47:03] INFO: Background task completed

[2026-08-17 12:58:00] INFO: Processing request

[2026-08-17 13:09:51] INFO: Cleanup completed

[2026-08-17 13:20:20] INFO: Request completed

[2026-08-17 13:31:18] INFO: Background task completed

[2026-08-17 13:42:51] INFO: Configuration loaded

[2026-08-17 13:53:49] INFO: Processing request

[2026-08-17 14:04:27] WARNING: Temporary connection failure

[2026-08-17 14:15:25] INFO: Cleanup completed

[2026-08-17 14:26:33] INFO: Worker heartbeat

[2026-08-17 14:37:15] INFO: Health check passed

[2026-08-17 14:48:07] INFO: Cleanup completed

[2026-08-17 14:59:35] INFO: Loading application state

[2026-08-17 15:10:19] INFO: Configuration loaded

[2026-08-17 15:21:44] INFO: Cache refreshed

[2026-08-17 15:32:21] INFO: Cleanup completed

[2026-08-17 15:43:18] INFO: Database connection established

[2026-08-17 15:54:22] INFO: Service started

[2026-08-17 16:05:06] INFO: Database connection established

[2026-08-17 16:16:59] WARNING: Cache miss

[2026-08-17 16:27:43] INFO: Connecting to database

[2026-08-17 16:38:00] INFO: Connecting to database

[2026-08-17 16:49:04] INFO: Database connection established

[2026-08-17 17:00:44] INFO: Loading application state

[2026-08-17 17:11:57] INFO: Connecting to database

[2026-08-17 17:22:51] INFO: Service started

[2026-08-17 17:33:45] INFO: Worker heartbeat

[2026-08-17 17:44:45] WARNING: Cache miss

[2026-08-17 17:55:02] INFO: Connecting to database

[2026-08-17 18:06:41] WARNING: Temporary connection failure

[2026-08-17 18:17:56] INFO: Configuration loaded

[2026-08-17 18:28:44] INFO: Cleanup completed

[2026-08-17 18:39:06] INFO: Configuration loaded

[2026-08-17 18:50:10] INFO: Connecting to database

[2026-08-17 19:01:10] INFO: Worker heartbeat

[2026-08-17 19:12:00] INFO: Configuration loaded

[2026-08-17 19:23:37] INFO: Background task completed

[2026-08-17 19:34:09] WARNING: Cache miss

[2026-08-17 19:45:56] INFO: Loading application state

[2026-08-17 19:56:42] WARNING: Temporary connection failure

[2026-08-17 20:07:28] INFO: Cache refreshed

[2026-08-17 20:18:54] INFO: Configuration loaded

[2026-08-17 20:29:27] INFO: Loading application state

[2026-08-17 20:40:26] INFO: Health check passed

[2026-08-17 20:51:55] INFO: Cleanup completed

[2026-08-17 21:02:16] INFO: Connecting to database

[2026-08-17 21:13:52] WARNING: Cache miss

[2026-08-17 21:24:44] WARNING: Temporary connection failure

[2026-08-17 21:35:10] INFO: Configuration loaded

[2026-08-17 21:46:32] INFO: Processing request

[2026-08-17 21:57:53] WARNING: Cache miss

[2026-08-17 22:08:46] INFO: Loading application state

[2026-08-17 22:19:23] INFO: Health check passed

[2026-08-17 22:30:17] INFO: Cleanup completed

[2026-08-17 22:41:32] INFO: Database connection established

[2026-08-17 22:52:58] INFO: Database connection established

[2026-08-17 23:03:16] INFO: Processing request

[2026-08-17 23:14:19] INFO: Background task completed

[2026-08-17 23:25:44] WARNING: Slow database query

[2026-08-17 23:36:38] INFO: Loading application state

[2026-08-17 23:47:46] INFO: Database connection established

[2026-08-17 23:58:27] INFO: Configuration loaded

[2026-08-18 00:09:01] INFO: Worker heartbeat

[2026-08-18 00:20:20] INFO: Connecting to database

[2026-08-18 00:31:30] WARNING: Cache miss

[2026-08-18 00:42:15] WARNING: Temporary connection failure

[2026-08-18 00:53:23] INFO: Background task completed

[2026-08-18 01:04:07] INFO: Worker heartbeat

[2026-08-18 01:15:59] INFO: Loading application state

[2026-08-18 01:26:52] INFO: Configuration loaded

[2026-08-18 01:37:16] INFO: Request completed

[2026-08-18 01:48:15] INFO: Cache refreshed

[2026-08-18 01:59:58] WARNING: Temporary connection failure

[2026-08-18 02:10:05] WARNING: Temporary connection failure

[2026-08-18 02:21:29] WARNING: Cache miss

[2026-08-18 02:32:43] WARNING: Slow database query

[2026-08-18 02:43:17] WARNING: Cache miss

[2026-08-18 02:54:01] INFO: Configuration loaded

[2026-08-18 03:05:03] WARNING: Slow database query

[2026-08-18 03:16:09] INFO: Worker heartbeat

[2026-08-18 03:27:42] INFO: Loading application state

[2026-08-18 03:38:32] WARNING: Temporary connection failure

[2026-08-18 03:49:25] INFO: Service started

[2026-08-18 04:00:20] INFO: Background task completed

[2026-08-18 04:11:48] WARNING: Cache miss

[2026-08-18 04:22:15] INFO: Background task completed

[2026-08-18 04:33:00] INFO: Processing request

[2026-08-18 04:44:17] INFO: Background task completed

[2026-08-18 04:55:04] INFO: Service started

[2026-08-18 05:06:07] INFO: Health check passed

[2026-08-18 05:17:18] WARNING: Slow database query

[2026-08-18 05:28:11] INFO: Request completed

[2026-08-18 05:39:44] INFO: Background task completed

[2026-08-18 05:50:46] WARNING: Temporary connection failure

[2026-08-18 06:01:49] WARNING: Temporary connection failure

[2026-08-18 06:12:25] INFO: Health check passed

[2026-08-18 06:23:27] INFO: Loading application state

[2026-08-18 06:34:23] WARNING: Temporary connection failure

[2026-08-18 06:45:31] INFO: Cleanup completed

[2026-08-18 06:56:12] INFO: Health check passed

[2026-08-18 07:07:06] INFO: Cleanup completed

[2026-08-18 07:18:21] WARNING: Temporary connection failure

[2026-08-18 07:29:33] INFO: Request completed

[2026-08-18 07:40:51] INFO: Cleanup completed

[2026-08-18 07:51:28] INFO: Processing request

[2026-08-18 08:02:55] INFO: Cache refreshed

[2026-08-18 08:13:39] WARNING: Cache miss

[2026-08-18 08:24:40] INFO: Request completed

[2026-08-18 08:35:06] INFO: Request completed

[2026-08-18 08:46:56] INFO: Processing request

[2026-08-18 08:57:48] WARNING: Temporary connection failure

[2026-08-18 09:08:13] INFO: Cleanup completed

[2026-08-18 09:19:25] INFO: Worker heartbeat

[2026-08-18 09:30:26] WARNING: Temporary connection failure

[2026-08-18 09:41:21] WARNING: Slow database query

[2026-08-18 09:52:58] INFO: Processing request

[2026-08-18 10:03:00] INFO: Health check passed

[2026-08-18 10:14:42] INFO: Service started

[2026-08-18 10:25:54] INFO: Cache refreshed

[2026-08-18 10:36:19] INFO: Cleanup completed

[2026-08-18 10:47:48] INFO: Cache refreshed

[2026-08-18 10:58:34] INFO: Worker heartbeat

[2026-08-18 11:09:30] INFO: Cache refreshed
