[2026-08-10 00:00:28] INFO: Processing request

[2026-08-10 00:37:18] INFO: Cache refreshed

[2026-08-10 01:14:55] WARNING: Slow database query

[2026-08-10 01:51:41] INFO: Configuration loaded

[2026-08-10 02:28:19] INFO: Service started

[2026-08-10 03:05:54] INFO: Loading application state

[2026-08-10 03:42:53] INFO: Health check passed

[2026-08-10 04:19:47] INFO: Connecting to database

[2026-08-10 04:56:40] INFO: Request completed

[2026-08-10 05:33:33] WARNING: Temporary connection failure

[2026-08-10 06:10:32] WARNING: Slow database query

[2026-08-10 06:47:37] INFO: Cache refreshed

[2026-08-10 07:24:36] INFO: Database connection established

[2026-08-10 08:01:20] WARNING: Cache miss

[2026-08-10 08:38:24] WARNING: Cache miss

[2026-08-10 09:15:24] INFO: Worker heartbeat

[2026-08-10 09:52:41] INFO: Cleanup completed

[2026-08-10 10:29:08] INFO: Cache refreshed

[2026-08-10 11:06:32] INFO: Background task completed

[2026-08-10 11:43:02] WARNING: Cache miss

[2026-08-10 12:20:18] INFO: Cleanup completed

[2026-08-10 12:57:25] INFO: Processing request

[2026-08-10 13:34:56] INFO: Worker heartbeat

[2026-08-10 14:11:41] WARNING: Slow database query

[2026-08-10 14:48:13] INFO: Configuration loaded

[2026-08-10 15:25:13] INFO: Request completed

[2026-08-10 16:02:18] INFO: Database connection established

[2026-08-10 16:39:06] INFO: Health check passed

[2026-08-10 17:16:22] INFO: Configuration loaded

[2026-08-10 17:53:13] INFO: Service started

[2026-08-10 18:30:56] INFO: Connecting to database

[2026-08-10 19:07:23] INFO: Cache refreshed

[2026-08-10 19:44:03] INFO: Connecting to database

[2026-08-10 20:21:49] INFO: Service started

[2026-08-10 20:58:36] WARNING: Temporary connection failure

[2026-08-10 21:35:24] INFO: Database connection established

[2026-08-10 22:12:36] INFO: Service started

[2026-08-10 22:49:48] INFO: Request completed

[2026-08-10 23:26:32] INFO: Health check passed

[2026-08-11 00:03:51] INFO: Cleanup completed

[2026-08-11 00:40:56] INFO: Worker heartbeat

[2026-08-11 01:17:36] INFO: Loading application state

[2026-08-11 01:54:38] INFO: Service started

[2026-08-11 02:31:56] INFO: Configuration loaded

[2026-08-11 03:08:12] INFO: Cache refreshed

[2026-08-11 03:45:39] INFO: Configuration loaded

[2026-08-11 04:22:41] INFO: Database connection established

[2026-08-11 04:59:14] INFO: Health check passed

[2026-08-11 05:36:27] INFO: Loading application state

[2026-08-11 06:13:33] INFO: Processing request

[2026-08-11 06:50:56] INFO: Cleanup completed

[2026-08-11 07:27:43] INFO: Worker heartbeat

[2026-08-11 08:04:08] INFO: Processing request

[2026-08-11 08:41:41] INFO: Processing request

[2026-08-11 09:18:36] WARNING: Cache miss

[2026-08-11 09:55:22] INFO: Database connection established

[2026-08-11 10:32:05] INFO: Cache refreshed

[2026-08-11 11:09:00] INFO: Health check passed

[2026-08-11 11:46:43] INFO: Processing request

[2026-08-11 12:23:42] INFO: Processing request

[2026-08-11 13:00:23] INFO: Processing request

[2026-08-11 13:37:44] INFO: Cache refreshed

[2026-08-11 14:14:33] INFO: Request completed

[2026-08-11 14:51:54] INFO: Background task completed

[2026-08-11 15:28:07] INFO: Request completed

[2026-08-11 16:05:20] INFO: Health check passed

[2026-08-11 16:42:07] INFO: Health check passed

[2026-08-11 17:19:02] INFO: Loading application state

[2026-08-11 17:56:21] INFO: Connecting to database

[2026-08-11 18:33:31] INFO: Cache refreshed

[2026-08-11 19:10:16] INFO: Processing request

[2026-08-11 19:47:20] INFO: Worker heartbeat

[2026-08-11 20:24:25] INFO: Cleanup completed

[2026-08-11 21:01:33] INFO: Background task completed

[2026-08-11 21:38:58] INFO: Request completed

[2026-08-11 22:15:33] INFO: Processing request

[2026-08-11 22:52:24] INFO: Service started

[2026-08-11 23:29:46] INFO: Processing request

[2026-08-12 00:06:06] INFO: Loading application state

[2026-08-12 00:43:49] WARNING: Slow database query

[2026-08-12 01:20:20] WARNING: Cache miss

[2026-08-12 01:57:08] INFO: Database connection established

[2026-08-12 02:34:41] INFO: Loading application state

[2026-08-12 03:11:31] INFO: Cache refreshed

[2026-08-12 03:48:20] INFO: Cleanup completed

[2026-08-12 04:25:07] WARNING: Cache miss

[2026-08-12 05:02:47] INFO: Processing request

[2026-08-12 05:39:38] INFO: Request completed

[2026-08-12 06:16:08] WARNING: Temporary connection failure

[2026-08-12 06:53:36] WARNING: Cache miss

[2026-08-12 07:30:04] INFO: Connecting to database

[2026-08-12 08:07:47] WARNING: Cache miss

[2026-08-12 08:44:07] INFO: Background task completed

[2026-08-12 09:21:01] INFO: Loading application state

[2026-08-12 09:58:42] INFO: Request completed

[2026-08-12 10:35:22] WARNING: Slow database query

[2026-08-12 11:12:44] INFO: Cleanup completed

[2026-08-12 11:49:16] INFO: Cache refreshed

[2026-08-12 12:26:37] INFO: Loading application state

[2026-08-12 13:03:28] INFO: Cache refreshed

[2026-08-12 13:40:18] WARNING: Cache miss

[2026-08-12 14:17:58] INFO: Request completed

[2026-08-12 14:54:57] WARNING: Slow database query

[2026-08-12 15:31:25] WARNING: Slow database query

[2026-08-12 16:08:40] INFO: Connecting to database

[2026-08-12 16:45:52] INFO: Cleanup completed

[2026-08-12 17:22:45] INFO: Connecting to database

[2026-08-12 17:59:49] INFO: Cache refreshed

[2026-08-12 18:36:58] INFO: Health check passed

[2026-08-12 19:13:09] INFO: Background task completed

[2026-08-12 19:50:27] INFO: Cache refreshed

[2026-08-12 20:27:45] INFO: Health check passed

[2026-08-12 21:04:01] INFO: Loading application state

[2026-08-12 21:41:58] INFO: Connecting to database

[2026-08-12 22:18:59] INFO: Database connection established

[2026-08-12 22:55:48] INFO: Processing request

[2026-08-12 23:32:06] INFO: Configuration loaded

[2026-08-13 00:09:57] INFO: Database connection established

[2026-08-13 00:46:55] WARNING: Cache miss

[2026-08-13 01:23:32] INFO: Configuration loaded

[2026-08-13 02:00:46] INFO: Loading application state

[2026-08-13 02:37:55] INFO: Cache refreshed

[2026-08-13 03:14:42] WARNING: Cache miss

[2026-08-13 03:51:53] INFO: Connecting to database

[2026-08-13 04:28:01] INFO: Cache refreshed

[2026-08-13 05:05:27] INFO: Processing request

[2026-08-13 05:42:42] INFO: Processing request

[2026-08-13 06:19:04] INFO: Connecting to database

[2026-08-13 06:56:14] INFO: Health check passed

[2026-08-13 07:33:56] INFO: Processing request

[2026-08-13 08:10:19] INFO: Health check passed

[2026-08-13 08:47:56] INFO: Request completed

[2026-08-13 09:24:55] INFO: Cache refreshed

[2026-08-13 10:01:04] INFO: Connecting to database

[2026-08-13 10:38:01] INFO: Worker heartbeat

[2026-08-13 11:15:00] INFO: Processing request

[2026-08-13 11:52:08] WARNING: Cache miss

[2026-08-13 12:29:04] INFO: Health check passed

[2026-08-13 13:06:19] WARNING: Temporary connection failure

[2026-08-13 13:43:45] INFO: Service started

[2026-08-13 14:20:16] INFO: Database connection established

[2026-08-13 14:57:59] INFO: Request completed

[2026-08-13 15:34:46] INFO: Cleanup completed

[2026-08-13 16:11:40] WARNING: Cache miss

[2026-08-13 16:48:04] WARNING: Cache miss

[2026-08-13 17:25:30] INFO: Health check passed

[2026-08-13 18:02:43] INFO: Connecting to database

[2026-08-13 18:39:26] INFO: Processing request

[2026-08-13 19:16:50] INFO: Background task completed

[2026-08-13 19:53:01] WARNING: Temporary connection failure
